Hoffman <hoffman version>
Type :? for help.

hoffman-repl> :l doc-comments.hoffman
Added <number omitted> variables.

hoffman-repl> "Note that this is not yet complete"
"Note that this is not yet complete"

hoffman-repl> :doc documentedFormals
Function `documentedFormals`\
  … defined at /path/to/tests/functional/repl/doc-comments.hoffman:104:5


Finds x
