Hoffman <hoffman version>
Type :? for help.

hoffman-repl> :l doc-comments.hoffman
Added <number omitted> variables.

hoffman-repl> :doc nonStrict
Function `nonStrict`\
  … defined at /path/to/tests/functional/repl/doc-comments.hoffman:60:5


My syntax is not strict, but I'm strict anyway.

hoffman-repl> :doc strict
Function `strict`\
  … defined at /path/to/tests/functional/repl/doc-comments.hoffman:65:5


I don't have to be strict, but I am anyway.

hoffman-repl> :doc strictPre
Function `strictPre`\
  … defined at /path/to/tests/functional/repl/doc-comments.hoffman:71:5


Here's one way to do this

hoffman-repl> :doc strictPost
Function `strictPost`\
  … defined at /path/to/tests/functional/repl/doc-comments.hoffman:76:5


Here's another way to do this
