Hoffman <hoffman version>
Type :? for help.

hoffman-repl> :l doc-functor.hoffman
Added <number omitted> variables.

hoffman-repl> :doc multiplier
Function `__functor`\
  … defined at /path/to/tests/functional/repl/doc-functor.hoffman:12:23


Multiply the argument by the factor stored in the factor attribute.

hoffman-repl> :doc doubler
Function `multiply`\
  … defined at /path/to/tests/functional/repl/doc-functor.hoffman:5:17


Look, it's just like a function!

hoffman-repl> :doc recursive
Function `__functor`\
  … defined at /path/to/tests/functional/repl/doc-functor.hoffman:82:23


This looks bad, but the docs are ok because of the eta expansion.

hoffman-repl> :doc recursive2
error:
       … while partially calling '__functor' to retrieve documentation

       … while calling '__functor'
         at /path/to/tests/functional/repl/doc-functor.hoffman:90:17:
           89|     */
           90|     __functor = self: self.__functor self;
             |                 ^
           91|   };

       … from call site
         at /path/to/tests/functional/repl/doc-functor.hoffman:90:23:
           89|     */
           90|     __functor = self: self.__functor self;
             |                       ^
           91|   };

       (199 duplicate frames omitted)

       error: stack overflow; max-call-depth exceeded
       at /path/to/tests/functional/repl/doc-functor.hoffman:90:23:
           89|     */
           90|     __functor = self: self.__functor self;
             |                       ^
           91|   };

hoffman-repl> :doc diverging
error:
       … while partially calling '__functor' to retrieve documentation

       (100 duplicate frames omitted)

       … while calling '__functor'
         at /path/to/tests/functional/repl/doc-functor.hoffman:103:21:
          102|       f = x: {
          103|         __functor = self: (f (x + 1));
             |                     ^
          104|       };

       error: stack overflow; max-call-depth exceeded
       at /path/to/tests/functional/repl/doc-functor.hoffman:103:28:
          102|       f = x: {
          103|         __functor = self: (f (x + 1));
             |                            ^
          104|       };

hoffman-repl> :doc helper
Function `square`\
  … defined at /path/to/tests/functional/repl/doc-functor.hoffman:36:12


Compute x^2

hoffman-repl> :doc helper2
Function `__functor`\
  … defined at /path/to/tests/functional/repl/doc-functor.hoffman:46:13


This is a function that can be overridden.

hoffman-repl> :doc lib.helper3
Function `__functor`\
  … defined at /path/to/tests/functional/repl/doc-functor.hoffman:46:13


This is a function that can be overridden.

hoffman-repl> :doc helper3
Function `__functor`\
  … defined at /path/to/tests/functional/repl/doc-functor.hoffman:46:13


This is a function that can be overridden.
