Hoffman <hoffman version>
Type :? for help.

hoffman-repl> :l doc-comments.hoffman
Added <number omitted> variables.

hoffman-repl> :doc multiply
Function `multiply`\
  … defined at /path/to/tests/functional/repl/doc-comments.hoffman:10:14


Perform *arithmetic* multiplication. It's kind of like repeated **addition**, very neat.

```hoffman
multiply 2 3
=> 6
```
