Hoffman <hoffman version>
Type :? for help.

hoffman-repl> :l pretty-print-idempotent.hoffman
Added <number omitted> variables.

hoffman-repl> oneDeep
{ homepage = "https://example.com"; }

hoffman-repl> oneDeep
{ homepage = "https://example.com"; }

hoffman-repl> twoDeep
{
  layerOne = { ... };
}

hoffman-repl> twoDeep
{
  layerOne = { ... };
}

hoffman-repl> oneDeepList
[ "https://example.com" ]

hoffman-repl> oneDeepList
[ "https://example.com" ]

hoffman-repl> twoDeepList
[
  [ ... ]
]

hoffman-repl> twoDeepList
[
  [ ... ]
]
